// Jest Snapshot v1, https://goo.gl/fbAQLP

exports[`components/KeyboardShortcutsModal should match snapshot modal 1`] = `[Function]`;
