// Jest Snapshot v1, https://goo.gl/fbAQLP

exports[`components/tutorial/tutorial_tip/tutorial_tip should match snapshot 1`] = `
<div
  className="tip-div "
  id="tipButton"
  onClick={[Function]}
>
  <PulsatingDot
    onClick={[Function]}
    targetRef={
      Object {
        "current": null,
      }
    }
  />
  <Overlay
    animation={[Function]}
    placement="right"
    rootClose={false}
    show={false}
  >
    <TutorialTipBackdrop />
  </Overlay>
  <Overlay
    animation={[Function]}
    onHide={[Function]}
    placement="right"
    rootClose={true}
    show={false}
    target={[Function]}
  >
    <div
      className="tip-overlay "
    >
      <div
        className="arrow"
      />
      <div
        className="tutorial__footer"
      >
        <div
          className="tutorial__circles"
        />
        <div
          className="text-right"
        >
          <div
            className="tutorial-tip__btn-ctr"
          >
            <button
              className="tutorial-tip__btn tutorial-tip__cancel-btn"
              id="tipPreviousButton"
              onClick={[Function]}
            >
              <i
                className="icon icon-chevron-left"
              />
              <MemoizedFormattedMessage
                defaultMessage="Previous"
                id="generic.previous"
              />
            </button>
            <button
              className="tutorial-tip__btn tutorial-tip__confirm-btn"
              id="tipNextButton"
              onClick={[Function]}
            >
              <MemoizedFormattedMessage
                defaultMessage="Next"
                id="tutorial_tip.ok"
              />
              <i
                className="icon icon-chevron-right"
              />
            </button>
          </div>
        </div>
      </div>
    </div>
  </Overlay>
</div>
`;
